clk 1 std_logic bool
rst 1 std_logic sc_logic
data_in_rsc_dat 10 std_logic_vector sc_lv
data_in_rsc_vld 1 std_logic sc_logic
data_in_rsc_rdy 1 std_logic sc_logic
coeffs_rsc_0_0_adr 5 std_logic_vector sc_lv
coeffs_rsc_0_0_d 7 std_logic_vector sc_lv
coeffs_rsc_0_0_we 1 std_logic sc_logic
coeffs_rsc_0_0_q 7 std_logic_vector sc_lv
coeffs_rsc_triosy_0_0_lz 1 std_logic sc_logic
coeffs_rsc_0_1_adr 5 std_logic_vector sc_lv
coeffs_rsc_0_1_d 7 std_logic_vector sc_lv
coeffs_rsc_0_1_we 1 std_logic sc_logic
coeffs_rsc_0_1_q 7 std_logic_vector sc_lv
coeffs_rsc_triosy_0_1_lz 1 std_logic sc_logic
coeffs_rsc_0_2_adr 5 std_logic_vector sc_lv
coeffs_rsc_0_2_d 7 std_logic_vector sc_lv
coeffs_rsc_0_2_we 1 std_logic sc_logic
coeffs_rsc_0_2_q 7 std_logic_vector sc_lv
coeffs_rsc_triosy_0_2_lz 1 std_logic sc_logic
coeffs_rsc_0_3_adr 5 std_logic_vector sc_lv
coeffs_rsc_0_3_d 7 std_logic_vector sc_lv
coeffs_rsc_0_3_we 1 std_logic sc_logic
coeffs_rsc_0_3_q 7 std_logic_vector sc_lv
coeffs_rsc_triosy_0_3_lz 1 std_logic sc_logic
coeff_addr_rsc_dat 5 std_logic_vector sc_lv
coeff_addr_rsc_vld 1 std_logic sc_logic
coeff_addr_rsc_rdy 1 std_logic sc_logic
result_rsc_dat 19 std_logic_vector sc_lv
result_rsc_vld 1 std_logic sc_logic
result_rsc_rdy 1 std_logic sc_logic
